分类: 📺央视频道, 名称: CCTV-1, 有效: 5, IPv4: 97, IPv6: 0, 最小延迟: 37 ms, 最高速率: 7.56 M/s, 平均速率: 4.05 M/s, 最高分辨率: 1920x1080, 平均帧率: 25.00, 视频编解码器: h264, 音频编解码器: aac
分类: 📺央视频道, 名称: CCTV-2, 有效: 5, IPv4: 22, IPv6: 0, 最小延迟: 86 ms, 最高速率: 6.57 M/s, 平均速率: 2.71 M/s, 最高分辨率: 1920x1080, 平均帧率: 25.00, 视频编解码器: h264, 音频编解码器: mp2
分类: 📺央视频道, 名称: CCTV-3, 有效: 5, IPv4: 25, IPv6: 0, 最小延迟: 50 ms, 最高速率: 4.17 M/s, 平均速率: 1.90 M/s, 最高分辨率: 1920x1080, 平均帧率: 25.00, 视频编解码器: h264, 音频编解码器: aac
分类: 📺央视频道, 名称: CCTV-4, 有效: 5, IPv4: 11, IPv6: 0, 最小延迟: 70 ms, 最高速率: 9.05 M/s, 平均速率: 1.50 M/s, 最高分辨率: 1920x1080, 平均帧率: 25.00, 视频编解码器: rawvideo, 音频编解码器: aac
分类: 📺央视频道, 名称: CCTV-5, 有效: 5, IPv4: 118, IPv6: 0, 最小延迟: 51 ms, 最高速率: 1.76 M/s, 平均速率: 1.05 M/s, 最高分辨率: 1920x1080, 平均帧率: 25.00, 视频编解码器: h264, 音频编解码器: aac
分类: 📺央视频道, 名称: CCTV-5+, 有效: 5, IPv4: 140, IPv6: 0, 最小延迟: 101 ms, 最高速率: 56.74 M/s, 平均速率: 21.54 M/s, 最高分辨率: 1920x1080, 平均帧率: 25.00, 视频编解码器: h264, 音频编解码器: mp2
分类: 📺央视频道, 名称: CCTV-6, 有效: 5, IPv4: 29, IPv6: 0, 最小延迟: 45 ms, 最高速率: 3.37 M/s, 平均速率: 0.91 M/s, 最高分辨率: 1280x720, 平均帧率: 25.00, 视频编解码器: h264, 音频编解码器: aac
分类: 📺央视频道, 名称: CCTV-7, 有效: 5, IPv4: 7, IPv6: 0, 最小延迟: 89 ms, 最高速率: 3.99 M/s, 平均速率: 1.92 M/s, 最高分辨率: 1920x1080, 平均帧率: 25.00, 视频编解码器: h264, 音频编解码器: aac
分类: 📺央视频道, 名称: CCTV-8, 有效: 5, IPv4: 8, IPv6: 0, 最小延迟: 4 ms, 最高速率: 74.43 M/s, 平均速率: 4.90 M/s, 最高分辨率: 1920x1080, 平均帧率: 25.00, 视频编解码器: rawvideo, 音频编解码器: aac
分类: 📺央视频道, 名称: CCTV-9, 有效: 5, IPv4: 11, IPv6: 0, 最小延迟: 79 ms, 最高速率: 17.27 M/s, 平均速率: 2.13 M/s, 最高分辨率: 1920x1080, 平均帧率: 25.00, 视频编解码器: rawvideo, 音频编解码器: aac
分类: 📺央视频道, 名称: CCTV-10, 有效: 5, IPv4: 17, IPv6: 0, 最小延迟: 107 ms, 最高速率: 9.70 M/s, 平均速率: 1.29 M/s, 最高分辨率: 1920x1080, 平均帧率: 25.00, 视频编解码器: h264, 音频编解码器: mp2
分类: 📺央视频道, 名称: CCTV-11, 有效: 5, IPv4: 15, IPv6: 0, 最小延迟: 91 ms, 最高速率: 16.09 M/s, 平均速率: 2.52 M/s, 最高分辨率: 1920x1080, 平均帧率: 25.00, 视频编解码器: h264, 音频编解码器: aac
分类: 📺央视频道, 名称: CCTV-12, 有效: 5, IPv4: 13, IPv6: 0, 最小延迟: 54 ms, 最高速率: 28.25 M/s, 平均速率: 2.90 M/s, 最高分辨率: 1920x1080, 平均帧率: 25.00, 视频编解码器: h264, 音频编解码器: aac
分类: 📺央视频道, 名称: CCTV-13, 有效: 5, IPv4: 30, IPv6: 0, 最小延迟: 53 ms, 最高速率: 5.56 M/s, 平均速率: 2.29 M/s, 最高分辨率: 1920x1080, 平均帧率: 29.17, 视频编解码器: h264, 音频编解码器: aac
分类: 📺央视频道, 名称: CCTV-14, 有效: 5, IPv4: 146, IPv6: 0, 最小延迟: 65 ms, 最高速率: 1.23 M/s, 平均速率: 0.72 M/s, 最高分辨率: 1920x1080, 平均帧率: 25.00, 视频编解码器: h264, 音频编解码器: mp2
分类: 📺央视频道, 名称: CCTV-15, 有效: 5, IPv4: 5, IPv6: 0, 最小延迟: 48 ms, 最高速率: 13.23 M/s, 平均速率: 7.06 M/s, 最高分辨率: 1920x1080, 平均帧率: 未知, 视频编解码器: 未知, 音频编解码器: 未知
分类: 📺央视频道, 名称: CCTV-16, 有效: 5, IPv4: 12, IPv6: 0, 最小延迟: 131 ms, 最高速率: 4.80 M/s, 平均速率: 1.48 M/s, 最高分辨率: 1920x1080, 平均帧率: 25.00, 视频编解码器: h264, 音频编解码器: aac
分类: 📺央视频道, 名称: CCTV-17, 有效: 5, IPv4: 8, IPv6: 0, 最小延迟: 145 ms, 最高速率: 33.23 M/s, 平均速率: 13.52 M/s, 最高分辨率: 1920x1080, 平均帧率: 25.00, 视频编解码器: h264, 音频编解码器: aac
分类: 📺央视频道, 名称: CETV-1, 有效: 5, IPv4: 17, IPv6: 0, 最小延迟: 108 ms, 最高速率: 5.46 M/s, 平均速率: 2.50 M/s, 最高分辨率: 1920x1080, 平均帧率: 33.33, 视频编解码器: h264, 音频编解码器: aac
分类: 📺央视频道, 名称: CETV-3, 有效: 0, IPv4: 12, IPv6: 0, 最小延迟: 92 ms, 最高速率: 11.13 M/s, 平均速率: 0.00 M/s, 最高分辨率: 720x576, 平均帧率: 25.00, 视频编解码器: h264, 音频编解码器: aac
分类: 📡卫视频道, 名称: 广东卫视, 有效: 5, IPv4: 5, IPv6: 0, 最小延迟: 59 ms, 最高速率: 54.07 M/s, 平均速率: 34.40 M/s, 最高分辨率: 1920x1080, 平均帧率: 未知, 视频编解码器: 未知, 音频编解码器: 未知
分类: 📡卫视频道, 名称: 浙江卫视, 有效: 5, IPv4: 47, IPv6: 0, 最小延迟: 64 ms, 最高速率: 20.73 M/s, 平均速率: 4.90 M/s, 最高分辨率: 1920x1080, 平均帧率: 25.00, 视频编解码器: h264, 音频编解码器: aac
分类: 📡卫视频道, 名称: 湖南卫视, 有效: 5, IPv4: 60, IPv6: 0, 最小延迟: 145 ms, 最高速率: 5.76 M/s, 平均速率: 3.50 M/s, 最高分辨率: 3840x2160, 平均帧率: 25.00, 视频编解码器: h264, 音频编解码器: aac
分类: 📡卫视频道, 名称: 北京卫视, 有效: 5, IPv4: 5, IPv6: 0, 最小延迟: 55 ms, 最高速率: 81.77 M/s, 平均速率: 59.88 M/s, 最高分辨率: 1920x1080, 平均帧率: 未知, 视频编解码器: 未知, 音频编解码器: 未知
分类: 📡卫视频道, 名称: 湖北卫视, 有效: 5, IPv4: 5, IPv6: 0, 最小延迟: 60 ms, 最高速率: 68.84 M/s, 平均速率: 34.25 M/s, 最高分辨率: 1920x1080, 平均帧率: 未知, 视频编解码器: 未知, 音频编解码器: 未知
分类: 📡卫视频道, 名称: 黑龙江卫视, 有效: 5, IPv4: 5, IPv6: 0, 最小延迟: 117 ms, 最高速率: 51.09 M/s, 平均速率: 38.73 M/s, 最高分辨率: 1920x1080, 平均帧率: 未知, 视频编解码器: 未知, 音频编解码器: 未知
分类: 📡卫视频道, 名称: 安徽卫视, 有效: 5, IPv4: 5, IPv6: 0, 最小延迟: 194 ms, 最高速率: 33.64 M/s, 平均速率: 20.74 M/s, 最高分辨率: 1920x1080, 平均帧率: 未知, 视频编解码器: 未知, 音频编解码器: 未知
分类: 📡卫视频道, 名称: 重庆卫视, 有效: 5, IPv4: 5, IPv6: 0, 最小延迟: 155 ms, 最高速率: 38.49 M/s, 平均速率: 18.78 M/s, 最高分辨率: 1920x1080, 平均帧率: 未知, 视频编解码器: 未知, 音频编解码器: 未知
分类: 📡卫视频道, 名称: 东方卫视, 有效: 5, IPv4: 31, IPv6: 0, 最小延迟: 55 ms, 最高速率: 9.88 M/s, 平均速率: 3.05 M/s, 最高分辨率: 1920x1080, 平均帧率: 25.00, 视频编解码器: h264, 音频编解码器: mp2
分类: 📡卫视频道, 名称: 东南卫视, 有效: 5, IPv4: 5, IPv6: 0, 最小延迟: 51 ms, 最高速率: 99.47 M/s, 平均速率: 89.72 M/s, 最高分辨率: 1920x1080, 平均帧率: 未知, 视频编解码器: 未知, 音频编解码器: 未知
分类: 📡卫视频道, 名称: 甘肃卫视, 有效: 5, IPv4: 5, IPv6: 0, 最小延迟: 37 ms, 最高速率: 137.57 M/s, 平均速率: 81.73 M/s, 最高分辨率: 1920x1080, 平均帧率: 未知, 视频编解码器: 未知, 音频编解码器: 未知
分类: 📡卫视频道, 名称: 广西卫视, 有效: 5, IPv4: 5, IPv6: 0, 最小延迟: 58 ms, 最高速率: 79.92 M/s, 平均速率: 57.78 M/s, 最高分辨率: 1920x1080, 平均帧率: 未知, 视频编解码器: 未知, 音频编解码器: 未知
分类: 📡卫视频道, 名称: 贵州卫视, 有效: 5, IPv4: 5, IPv6: 0, 最小延迟: 236 ms, 最高速率: 28.23 M/s, 平均速率: 11.07 M/s, 最高分辨率: 1920x1080, 平均帧率: 未知, 视频编解码器: 未知, 音频编解码器: 未知
分类: 📡卫视频道, 名称: 海南卫视, 有效: 5, IPv4: 5, IPv6: 0, 最小延迟: 86 ms, 最高速率: 61.97 M/s, 平均速率: 42.72 M/s, 最高分辨率: 1920x1080, 平均帧率: 未知, 视频编解码器: 未知, 音频编解码器: 未知
分类: 📡卫视频道, 名称: 河北卫视, 有效: 5, IPv4: 10, IPv6: 0, 最小延迟: 36 ms, 最高速率: 148.84 M/s, 平均速率: 55.96 M/s, 最高分辨率: 1920x1080, 平均帧率: 25.00, 视频编解码器: h264, 音频编解码器: aac
分类: 📡卫视频道, 名称: 河南卫视, 有效: 5, IPv4: 16, IPv6: 0, 最小延迟: 138 ms, 最高速率: 41.61 M/s, 平均速率: 26.67 M/s, 最高分辨率: 1920x1080, 平均帧率: 25.00, 视频编解码器: h264, 音频编解码器: aac
分类: 📡卫视频道, 名称: 吉林卫视, 有效: 5, IPv4: 8, IPv6: 0, 最小延迟: 74 ms, 最高速率: 70.03 M/s, 平均速率: 34.46 M/s, 最高分辨率: 1920x1080, 平均帧率: 25.00, 视频编解码器: rawvideo, 音频编解码器: aac
分类: 📡卫视频道, 名称: 江苏卫视, 有效: 5, IPv4: 5, IPv6: 0, 最小延迟: 124 ms, 最高速率: 50.86 M/s, 平均速率: 18.04 M/s, 最高分辨率: 1920x1080, 平均帧率: 未知, 视频编解码器: 未知, 音频编解码器: 未知
分类: 📡卫视频道, 名称: 江西卫视, 有效: 5, IPv4: 5, IPv6: 0, 最小延迟: 109 ms, 最高速率: 54.01 M/s, 平均速率: 39.45 M/s, 最高分辨率: 1920x1080, 平均帧率: 未知, 视频编解码器: 未知, 音频编解码器: 未知
分类: 📡卫视频道, 名称: 辽宁卫视, 有效: 5, IPv4: 5, IPv6: 0, 最小延迟: 101 ms, 最高速率: 57.56 M/s, 平均速率: 30.20 M/s, 最高分辨率: 1920x1080, 平均帧率: 未知, 视频编解码器: 未知, 音频编解码器: 未知
分类: 📡卫视频道, 名称: 内蒙古卫视, 有效: 5, IPv4: 7, IPv6: 0, 最小延迟: 228 ms, 最高速率: 29.46 M/s, 平均速率: 13.95 M/s, 最高分辨率: 1920x1080, 平均帧率: 未知, 视频编解码器: 未知, 音频编解码器: 未知
分类: 📡卫视频道, 名称: 宁夏卫视, 有效: 5, IPv4: 5, IPv6: 0, 最小延迟: 160 ms, 最高速率: 38.06 M/s, 平均速率: 25.98 M/s, 最高分辨率: 1920x1080, 平均帧率: 未知, 视频编解码器: 未知, 音频编解码器: 未知
分类: 📡卫视频道, 名称: 青海卫视, 有效: 5, IPv4: 5, IPv6: 0, 最小延迟: 144 ms, 最高速率: 44.86 M/s, 平均速率: 26.33 M/s, 最高分辨率: 1920x1080, 平均帧率: 未知, 视频编解码器: 未知, 音频编解码器: 未知
分类: 📡卫视频道, 名称: 山东卫视, 有效: 5, IPv4: 5, IPv6: 0, 最小延迟: 332 ms, 最高速率: 19.48 M/s, 平均速率: 14.63 M/s, 最高分辨率: 1920x1080, 平均帧率: 未知, 视频编解码器: 未知, 音频编解码器: 未知
分类: 📡卫视频道, 名称: 山西卫视, 有效: 5, IPv4: 6, IPv6: 0, 最小延迟: 50 ms, 最高速率: 14.13 M/s, 平均速率: 8.49 M/s, 最高分辨率: 1920x1080, 平均帧率: 25.00, 视频编解码器: h264, 音频编解码器: aac
分类: 📡卫视频道, 名称: 陕西卫视, 有效: 5, IPv4: 5, IPv6: 0, 最小延迟: 52 ms, 最高速率: 95.80 M/s, 平均速率: 89.23 M/s, 最高分辨率: 1920x1080, 平均帧率: 未知, 视频编解码器: 未知, 音频编解码器: 未知
分类: 📡卫视频道, 名称: 四川卫视, 有效: 5, IPv4: 5, IPv6: 0, 最小延迟: 48 ms, 最高速率: 89.58 M/s, 平均速率: 60.14 M/s, 最高分辨率: 1920x1080, 平均帧率: 25.00, 视频编解码器: h264, 音频编解码器: aac
分类: 📡卫视频道, 名称: 深圳卫视, 有效: 5, IPv4: 5, IPv6: 0, 最小延迟: 48 ms, 最高速率: 103.94 M/s, 平均速率: 61.92 M/s, 最高分辨率: 1920x1080, 平均帧率: 未知, 视频编解码器: 未知, 音频编解码器: 未知
分类: 📡卫视频道, 名称: 三沙卫视, 有效: 5, IPv4: 5, IPv6: 0, 最小延迟: 39 ms, 最高速率: 126.06 M/s, 平均速率: 90.25 M/s, 最高分辨率: 1920x1080, 平均帧率: 未知, 视频编解码器: 未知, 音频编解码器: 未知
分类: 📡卫视频道, 名称: 天津卫视, 有效: 5, IPv4: 6, IPv6: 0, 最小延迟: 37 ms, 最高速率: 126.49 M/s, 平均速率: 80.77 M/s, 最高分辨率: 1920x1080, 平均帧率: 未知, 视频编解码器: 未知, 音频编解码器: 未知
分类: 📡卫视频道, 名称: 西藏卫视, 有效: 5, IPv4: 5, IPv6: 0, 最小延迟: 36 ms, 最高速率: 136.18 M/s, 平均速率: 90.63 M/s, 最高分辨率: 1920x1080, 平均帧率: 未知, 视频编解码器: 未知, 音频编解码器: 未知
分类: 📡卫视频道, 名称: 新疆卫视, 有效: 5, IPv4: 5, IPv6: 0, 最小延迟: 46 ms, 最高速率: 97.69 M/s, 平均速率: 82.30 M/s, 最高分辨率: 1920x1080, 平均帧率: 未知, 视频编解码器: 未知, 音频编解码器: 未知
分类: 📡卫视频道, 名称: 云南卫视, 有效: 5, IPv4: 5, IPv6: 0, 最小延迟: 41 ms, 最高速率: 99.20 M/s, 平均速率: 67.35 M/s, 最高分辨率: 1920x1080, 平均帧率: 未知, 视频编解码器: 未知, 音频编解码器: 未知
分类: ☘️广东频道, 名称: 广东珠江, 有效: 5, IPv4: 6, IPv6: 0, 最小延迟: 47 ms, 最高速率: 7.13 M/s, 平均速率: 1.80 M/s, 最高分辨率: 1280x720, 平均帧率: 未知, 视频编解码器: 未知, 音频编解码器: 未知
分类: ☘️广东频道, 名称: 广东体育, 有效: 5, IPv4: 17, IPv6: 0, 最小延迟: 51 ms, 最高速率: 92.21 M/s, 平均速率: 19.65 M/s, 最高分辨率: 1920x1080, 平均帧率: 26.67, 视频编解码器: h264, 音频编解码器: aac
分类: ☘️广东频道, 名称: 广东新闻, 有效: 5, IPv4: 10, IPv6: 0, 最小延迟: 53 ms, 最高速率: 28.72 M/s, 平均速率: 6.48 M/s, 最高分辨率: 1920x1080, 平均帧率: 26.67, 视频编解码器: h264, 音频编解码器: aac
分类: ☘️广东频道, 名称: 广东民生, 有效: 5, IPv4: 22, IPv6: 0, 最小延迟: 21 ms, 最高速率: 131.42 M/s, 平均速率: 43.17 M/s, 最高分辨率: 1920x1080, 平均帧率: 27.50, 视频编解码器: h264, 音频编解码器: aac
分类: ☘️广东频道, 名称: 大湾区卫视, 有效: 5, IPv4: 20, IPv6: 0, 最小延迟: 14 ms, 最高速率: 246.04 M/s, 平均速率: 61.66 M/s, 最高分辨率: 1920x1080, 平均帧率: 36.67, 视频编解码器: h264, 音频编解码器: aac
分类: ☘️广东频道, 名称: 广州综合, 有效: 5, IPv4: 7, IPv6: 0, 最小延迟: 59 ms, 最高速率: 0.59 M/s, 平均速率: 0.35 M/s, 最高分辨率: 1280x720, 平均帧率: 未知, 视频编解码器: 未知, 音频编解码器: 未知
分类: ☘️广东频道, 名称: 广州影视, 有效: 0, IPv4: 6, IPv6: 0, 最小延迟: 264 ms, 最高速率: 0.24 M/s, 平均速率: 0.00 M/s, 最高分辨率: None, 平均帧率: 未知, 视频编解码器: 未知, 音频编解码器: 未知
分类: ☘️广东频道, 名称: 茂名综合, 有效: 1, IPv4: 1, IPv6: 0, 最小延迟: 8 ms, 最高速率: 307.99 M/s, 平均速率: 307.99 M/s, 最高分辨率: 1920x1080, 平均帧率: 30.00, 视频编解码器: h264, 音频编解码器: aac
分类: ☘️广东频道, 名称: 广州竞赛, 有效: 0, IPv4: 2, IPv6: 0, 最小延迟: -1 ms, 最高速率: 0.00 M/s, 平均速率: 0.00 M/s, 最高分辨率: None, 平均帧率: 未知, 视频编解码器: 未知, 音频编解码器: 未知
分类: ☘️广东频道, 名称: 江门综合, 有效: 2, IPv4: 4, IPv6: 0, 最小延迟: 7 ms, 最高速率: 283.45 M/s, 平均速率: 233.14 M/s, 最高分辨率: 1920x1080, 平均帧率: 30.00, 视频编解码器: h264, 音频编解码器: aac
分类: ☘️广东频道, 名称: 汕头综合, 有效: 3, IPv4: 3, IPv6: 0, 最小延迟: 7 ms, 最高速率: 337.44 M/s, 平均速率: 330.04 M/s, 最高分辨率: 1920x1080, 平均帧率: 30.00, 视频编解码器: h264, 音频编解码器: aac
分类: ☘️广东频道, 名称: 汕头经济, 有效: 1, IPv4: 1, IPv6: 0, 最小延迟: 8 ms, 最高速率: 308.02 M/s, 平均速率: 308.02 M/s, 最高分辨率: 1920x1080, 平均帧率: 30.00, 视频编解码器: h264, 音频编解码器: aac
分类: ☘️广东频道, 名称: 江门侨乡生活, 有效: 2, IPv4: 7, IPv6: 0, 最小延迟: 7 ms, 最高速率: 269.48 M/s, 平均速率: 149.32 M/s, 最高分辨率: 1920x1080, 平均帧率: 30.00, 视频编解码器: h264, 音频编解码器: aac
